// Jest Snapshot v1, https://goo.gl/fbAQLP

exports[`Header Check Render 1`] = `
<ContextConsumer>
  <Component />
</ContextConsumer>
`;
